56974   2.3 301216
56974   0.4 301200
56974   2.6 300400
56974   0.3 300400
56974   3.2 300272
56974   0.4 300144
56974   3.2 300144
56974   0.4 300144
56974   3.3 300128
56974   0.3 300128
56974   2.8 300128
56974   0.4 300128
56974   2.1 300128
56974   0.4 300128
56974   2.2 300128
56974   0.3 300112
56974   3.4 300128
56974   0.6 299936
56974   3.1 299968
56974   0.6 298064
56974   2.9 298112
56974   0.6 298112
56974   4.0 298160
56974   0.6 298144
56974   1.0 298208
56974   0.4 297856
56974   1.7 297856
56974   0.7 297936
56974   1.6 297968
56974   0.4 297968
56974   1.7 297968
56974   0.4 297968
56974   2.0 297968
56974   0.4 297968
56974   1.1 298000
56974   0.4 297536
56974   1.9 297536
56974   0.5 297344
56974   1.8 297360
56974   0.3 297344
56974   1.5 297360
56974   0.3 297360
56974   1.7 297328
56974   0.3 297344
56974   1.1 297360
56974   0.3 297360
56974   1.4 297360
56974   0.3 297360
56974   2.8 297376
56974   0.3 297376
56974   2.6 297376
56974   0.5 297360
56974   3.6 297376
56974   0.5 297328
56974   2.9 297344
56974   0.3 297296
56974   2.7 297312
56974   0.4 297312
56974   0.2 297312
56974   0.4 297312
