56974   0.3 280448
56974   0.8 280464
56974   0.3 280448
56974   1.2 280736
56974   0.7 280752
56974   1.6 278512
56974   6.3 239040
56974   0.6 239168
56974   0.1 239488
56974   0.4 239488
56974   3.1 239872
56974   0.8 240208
56974   6.4 239792
56974   0.7 239616
56974   0.3 239376
56974   0.8 239136
56974   2.6 239248
56974   0.8 227344
56974   0.8 234928
56974   0.1 234912
56974   0.9 235488
56974   0.3 235472
56974   0.4 235616
56974   0.1 235600
56974   0.5 235648
56974   0.6 235664
56974   0.6 236000
56974   0.3 235968
56974   0.8 235936
56974   0.6 235920
56974   0.9 224960
56974   0.3 224432
56974   0.8 235264
56974   0.1 235264
56974   0.3 235408
56974   0.1 235408
56974   0.3 235440
56974   0.3 235216
56974   1.2 228448
56974   0.3 228544
56974   0.6 229232
56974   0.1 228960
56974   0.4 229072
56974   0.1 229056
56974   0.5 229152
56974   0.1 229152
56974   0.4 229264
56974   0.3 229440
56974   0.5 229440
56974   0.3 229440
56974   0.6 229456
56974   0.6 229392
56974   0.3 229536
56974   0.1 229568
56974   0.3 229552
56974   0.1 229648
56974   0.1 229664
56974   3.5 229696
56974   0.1 229696
56974   1.0 229712
