51299   0.3 297664
51299   0.3 297664
51299   0.3 297664
51299   0.3 297664
51299   0.3 297440
51299   0.2 294944
51299   0.2 294944
51299   0.2 294944
51299   0.3 294944
51299   0.3 294960
51299   0.4 294960
51299   0.3 293056
51299   0.3 293056
51299   0.3 293056
51299   0.3 293056
51299   0.3 293056
51299   0.3 293328
51299   0.3 293328
51299   0.2 293328
51299   0.8 293328
51299   0.3 293424
51299   0.4 293328
51299   0.3 293200
51299   0.3 293200
51299   0.4 293312
51299   0.3 293088
51299   0.2 293152
51299   0.3 293040
51299   0.5 293040
51299   0.8 290704
51299   0.3 286800
51299   0.2 286864
51299   0.5 268608
51299   0.3 265232
51299   0.6 261888
51299   0.4 261776
51299   0.4 263504
51299   0.2 263504
51299   0.4 263584
51299   0.4 263600
51299   0.4 263616
51299   0.3 263584
51299   0.5 263632
51299   0.2 263632
51299   0.3 263584
51299   0.4 263584
51299   0.3 263872
51299   0.3 263872
51299   0.5 263888
51299   0.4 263888
51299   0.6 263888
51299   0.3 263888
51299   0.6 263888
51299   0.3 263888
51299   0.5 263984
51299   0.3 263984
51299   0.4 264048
51299   0.4 264048
51299   0.6 264048
51299   0.3 264048
