51299   0.5 316128
51299   0.5 315056
51299   0.7 306032
51299   1.0 300720
51299   0.9 297840
51299   0.8 296096
51299   0.6 296928
51299   1.1 296304
51299   0.8 296256
51299   1.1 296288
51299   0.7 296304
51299   0.6 296352
51299   0.9 296368
51299   0.7 296736
51299   0.8 296768
51299   0.8 296736
51299   1.6 296800
51299   0.8 296816
51299   2.1 297216
51299   0.8 297216
51299   1.6 297104
51299   0.8 297824
51299   2.0 297840
51299   1.7 297840
51299   1.3 297840
51299   0.7 297840
51299   1.7 297856
51299   1.0 297840
51299   1.5 297888
51299   0.4 298064
51299   1.8 298080
51299   0.9 298080
51299   1.7 297968
51299   1.0 297952
51299   1.7 297920
51299   1.3 297936
51299   1.6 297936
51299   1.2 297904
51299   1.7 297920
51299   0.7 297984
51299   1.6 297984
51299   0.4 298048
51299   2.4 298032
51299   0.7 298016
51299   2.7 298048
51299   2.0 298032
51299   4.4 295936
51299   1.6 295984
51299   2.4 296016
51299   0.3 296592
51299   2.4 296656
51299   0.2 296816
51299   0.2 296832
51299   0.5 297008
51299   0.2 296992
51299   1.5 297024
51299   2.8 297040
51299   1.4 297040
51299   2.7 297056
51299   0.2 297072
